============================= test session starts ==============================
platform linux -- Python 3.12.13, pytest-9.0.2, pluggy-1.6.0
rootdir: /workspace
plugins: anyio-4.12.1
collected 1 item

test_main.py .                                                           [100%]

============================== 1 passed in 0.35s ===============================
